---
source: src/tests/integration/compatibility.rs
expression: snapshot_before_quit

---
                                                                                                                    
 OS: 5.9.13-arch1-1 GNU/Linux                                                                                       
 Uptime: 10 hours, 42 minutes                                                                                       
 Hostname: kingdom                                                                                                  
 Disk usage:                                                                                                        
                                                                                                                    
df: /run/user/1000/doc: Operation not permitted                                                                     
        /       321G / 514G  66%                                                                                    
        /efi     27M /  96M  28%                                                                                    
                                                                                                                    
 Network:                                                                                                           
                                                                                                                    
        wlp2s0  192.168.0.3                                                                                         
                                                                                                                    
[I] [20:07] kingdom:mosaic (main) | â–ˆ                                                                               
                                                                                                                    
                                                                                                                    
                                                                                                                    
                                                                                                                    
                                                                                                                    
                                                                                                                    
                                                                                                                    
                                                                                                                    
                                                                                                                    
                                                                                                                    
                                                                                                                    
                                                                                                                    
                                                                                                                    
