---
source: src/tests/integration/compatibility.rs
expression: snapshot_before_quit

---
Tasks: 158 total,   1 running, 157 sleeping,   0 stopped,   0 zombie                                                                                                                                                                       
%Cpu(s): 24.2 us,  1.6 sy,  0.0 ni, 74.2 id,  0.0 wa,  0.0 hi,  0.0 si,  0.0 st                                                                                                                                                            
MiB Mem :  15715.1 total,   7001.4 free,   2163.7 used,   6549.9 buff/cache                                                                                                                                                                
MiB Swap:  16384.0 total,  16384.0 free,      0.0 used.  12809.8 avail Mem                                                                                                                                                                 
                                                                                                                                                                                                                                           
    PID USER      PR  NI    VIRT    RES    SHR S  %CPU  %MEM     TIME+ COMMAND                                                                                                                                                             
  15838 aram      20   0 7275240  56912  18964 S  73.3   0.4   0:17.79 zellij                                                                                                                                                              
  12653 aram      20   0   39032  22164  14372 S  20.0   0.1   0:00.63 urxvt                                                                                                                                                               
   1477 aram      20   0 3178660 301992 203236 S   6.7   1.9   3:49.82 Web Content                                                                                                                                                         
      1 root      20   0  175360  11532   8596 S   0.0   0.1   0:05.90 systemd                                                                                                                                                             
      2 root      20   0       0      0      0 S   0.0   0.0   0:00.01 kthreadd                                                                                                                                                            
      3 root       0 -20       0      0      0 I   0.0   0.0   0:00.00 rcu_gp                                                                                                                                                              
      4 root       0 -20       0      0      0 I   0.0   0.0   0:00.00 rcu_par_gp                                                                                                                                                          
      6 root       0 -20       0      0      0 I   0.0   0.0   0:00.00 kworker/0:0H-kblockd                                                                                                                                                
      8 root       0 -20       0      0      0 I   0.0   0.0   0:00.00 mm_percpu_wq                                                                                                                                                        
      9 root      20   0       0      0      0 S   0.0   0.0   0:01.24 ksoftirqd/0                                                                                                                                                         
     10 root      -2   0       0      0      0 S   0.0   0.0   0:00.00 rcuc/0                                                                                                                                                              
     11 root      -2   0       0      0      0 I   0.0   0.0   0:06.12 rcu_preempt                                                                                                                                                         
     12 root      -2   0       0      0      0 S   0.0   0.0   0:00.00 rcub/0                                                                                                                                                              
     13 root      rt   0       0      0      0 S   0.0   0.0   0:00.01 migration/0                                                                                                                                                         
     14 root     -51   0       0      0      0 S   0.0   0.0   0:00.00 idle_inject/0                                                                                                                                                       
     16 root      20   0       0      0      0 S   0.0   0.0   0:00.00 cpuhp/0                                                                                                                                                             
     17 root      20   0       0      0      0 S   0.0   0.0   0:00.00 cpuhp/1                                                                                                                                                             
     18 root     -51   0       0      0      0 S   0.0   0.0   0:00.00 idle_inject/1                                                                                                                                                       
     19 root      rt   0       0      0      0 S   0.0   0.0   0:00.35 migration/1                                                                                                                                                         
     20 root      -2   0       0      0      0 S   0.0   0.0   0:00.00 rcuc/1                                                                                                                                                              
     21 root      20   0       0      0      0 S   0.0   0.0   0:00.49 ksoftirqd/1                                                                                                                                                         
     23 root       0 -20       0      0      0 I   0.0   0.0   0:00.00 kworker/1:0H-kblockd                                                                                                                                                
     24 root      20   0       0      0      0 S   0.0   0.0   0:00.00 cpuhp/2                                                                                                                                                             
     25 root     -51   0       0      0      0 S   0.0   0.0   0:00.00 idle_inject/2                                                                                                                                                       
     26 root      rt   0       0      0      0 S   0.0   0.0   0:00.39 migration/2                                                                                                                                                         
     27 root      -2   0       0      0      0 S   0.0   0.0   0:00.00 rcuc/2                                                                                                                                                              
     28 root      20   0       0      0      0 S   0.0   0.0   0:00.99 ksoftirqd/2                                                                                                                                                         
     30 root       0 -20       0      0      0 I   0.0   0.0   0:00.00 kworker/2:0H-kblockd                                                                                                                                                
     31 root      20   0       0      0      0 S   0.0   0.0   0:00.00 cpuhp/3                                                                                                                                                             
     32 root     -51   0       0      0      0 S   0.0   0.0   0:00.00 idle_inject/3                                                                                                                                                       
     33 root      rt   0       0      0      0 S   0.0   0.0   0:00.43 migration/3                                                                                                                                                         
     34 root      -2   0       0      0      0 S   0.0   0.0   0:00.00 rcuc/3                                                                                                                                                              
     35 root      20   0       0      0      0 S   0.0   0.0   0:00.90 ksoftirqd/3                                                                                                                                                         
     37 root       0 -20       0      0      0 I   0.0   0.0   0:00.00 kworker/3:0H-kblockd                                                                                                                                                
     38 root      20   0       0      0      0 S   0.0   0.0   0:00.00 kdevtmpfs                                                                                                                                                           
     39 root       0 -20       0      0      0 I   0.0   0.0   0:00.00 netns                                                                                                                                                               
     40 root      20   0       0      0      0 S   0.0   0.0   0:00.00 rcu_tasks_kthre                                                                                                                                                     
     41 root      20   0       0      0      0 S   0.0   0.0   0:00.00 kauditd                                                                                                                                                             
     44 root      20   0       0      0      0 S   0.0   0.0   0:00.00 khungtaskd                                                                                                                                                          
     45 root      20   0       0      0      0 S   0.0   0.0   0:00.00 oom_reaper                                                                                                                                                          
     46 root       0 -20       0      0      0 I   0.0   0.0   0:00.00 writeback                                                                                                                                                           
     47 root      20   0       0      0      0 S   0.0   0.0   0:00.00 kcompactd0                                                                                                                                                          
     48 root      25   5       0      0      0 S   0.0   0.0   0:00.00 ksmd                                                                                                                                                                
     49 root      39  19       0      0      0 S   0.0   0.0   0:00.00 khugepaged                                                                                                                                                          
    137 root       0 -20       0      0      0 I   0.0   0.0   0:00.00 kintegrityd                                                                                                                                                         
    138 root       0 -20       0      0      0 I   0.0   0.0   0:00.00 kblockd                                                                                                                                                             
    139 root       0 -20       0      0      0 I   0.0   0.0   0:00.00 blkcg_punt_bio                                                                                                                                                      
    140 root       0 -20       0      0      0 I   0.0   0.0   0:00.00 ata_sff                                                                                                                                                             
    141 root       0 -20       0      0      0 I   0.0   0.0   0:00.00 edac-poller                                                                                                                                                         
⋊> ~/c/zellij on fix-top ⨯ █                                                                                                                                                                                                       13:00:53
